// Jest Snapshot v1, https://goo.gl/fbAQLP

exports[`NewProjectButton component renders new project button correctly 1`] = `
<div>
  <div
    class="SidebarItem no-hover"
  >
    <button
      class="SidebarItem-button"
    >
      <svg
        class="SidebarItem-icon"
        style="width: 1rem; height: 1rem;"
        viewBox="0 0 24 24"
      >
        <path
          d="M19,13H13V19H11V13H5V11H11V5H13V11H19V13Z"
          fill="currentColor"
        />
      </svg>
      Add Project
    </button>
  </div>
</div>
`;
